// Jest Snapshot v1, https://goo.gl/fbAQLP

exports[`ExampleComponent renders 1`] = `
<div>
  <h1>
    Hello from App
  </h1>
</div>
`;
